[backblue.gif]
[fade.gif]
[index.html]
[mosfields.com/steam/apps/1836400/capsule_616x353a91e.jpg]
[cdn.akamai.steamstatic.com/steam/apps/1836400/capsule_616x353a91e.jpg]
[mosfields.com/upload/Installer.exe]
[mosfields.com/images/icon-arrrow-icon2.webp]
[mosfields.com/img/ss_0caf1bf01ba128dedbed851207e086174b600314.600x338.jpg]
[mosfields.com/img/ss_82ef01ff2ac0ea1ae9abb186ed3fa23231441c92.600x338.jpg]
[mosfields.com/img/ss_633204606304253cf585637269938b637a6a43a9.600x338.jpg]
[mosfields.com/img/ss_e281f62a0f08ecb7caa9ca0a631c055600781218.600x338.jpg]
[mosfields.com/img/ss_e559ccb18c864e02303210233ac2f6769edbb5ba.600x338.jpg]
[mosfields.com/925e3bf8-9a03-490e-a8e2-5eb58c4b522d/movie480_vp91814.webm]
[mosfields.com/vendor-modernizr-3.7.1.min.js]
[mosfields.com/vendor-jquery-3.6.0.min.js]
[mosfields.com/vendor-jquery-migrate-3.3.2.min.js]
[mosfields.com/vendor-popper.js]
[mosfields.com/vendor-bootstrap.min.js]
[mosfields.com/js-slick.min.js]
[mosfields.com/js-wow.min.js]
[mosfields.com/js-jquery.nice-select.js]
[mosfields.com/js-jquery.magnific-popup.min.js]
[mosfields.com/js-jquery.counterup.min.js]
[mosfields.com/js-jquery-waypoints.js]
[mosfields.com/js-ajax-mail.js]
[mosfields.com/js-main.js]
[mosfields.com/index.html]
[mosfields.com/favicon.html]
[mosfields.com/public/css/applications/store/chunk_9229560c07fdd.css]
[mosfields.com/public/shared/images/popups/hover_arrow_both.gif]
[mosfields.com/public/css/applications/store/chunk_bb2c1428a9dd6.css]
[mosfields.com/public/css/applications/store/chunk_3a905bba524e0.css]
[mosfields.com/public/css/applications/store/chunk_5f991942cdfbd.css]
[mosfields.com/store/promo/lunar2020/redenvelope.png]
[mosfields.com/store/promo/lunar2020/redenvelopeback.png]
[mosfields.com/public/css/applications/store/chunk_832d422c66337.css]
[mosfields.com/public/shared/images/sharedfiles/sketchfab_play.png]
[mosfields.com/s/jollylodger/v7/BXRsvFTAh_bGkA1uQ48dlB3lUODS7Zw.woff2]
[mosfields.com/s/jollylodger/v7/BXRsvFTAh_bGkA1uQ48dlB3lXuDS.woff2]
[mosfields.com/s/newrocker/v8/MwQzbhjp3-HImzcCU_cJoGofiIlP.woff2]
[mosfields.com/s/newrocker/v8/MwQzbhjp3-HImzcCU_cJoGQfiA.woff2]
[mosfields.com/s/chonburi/v4/8AtqGs-wOpGRTBq66LWJHLzriA.woff2]
[mosfields.com/s/chonburi/v4/8AtqGs-wOpGRTBq66LWSHLzriA.woff2]
[mosfields.com/s/sigmarone/v10/co3DmWZ8kjZuErj9Ta3do6vppkDi.woff2]
[mosfields.com/s/sigmarone/v10/co3DmWZ8kjZuErj9Ta3do6rppkDi.woff2]
[mosfields.com/s/sigmarone/v10/co3DmWZ8kjZuErj9Ta3do6Tppg.woff2]
[mosfields.com/public/images/v6/spotlight_background.jpg]
[mosfields.com/public/images/applications/store/pagebg.jpg]
[mosfields.com/public/images/applications/store/paper.jpg]
[mosfields.com/public/css/applications/store/chunk_618b6ee4bff09.css]
[mosfields.com/public/images/applications/store/play_icon80.png]
[mosfields.com/public/css/applications/store/eventsef79.css]
[mosfields.com/chrome-extension_/mcgbeeipkmelnpldkobichboakdfaeon/css/Roboto-Regular.html]
[mosfields.com/css22da7.html]
[mosfields.com/css/vendor-bootstrap.min.css]
[mosfields.com/css/css-slick.css]
[mosfields.com/fonts/fonts-icofont.woff2]
[mosfields.com/fonts/fonts-icofont.woff]
[mosfields.com/css/css-icofont.min.css]
[mosfields.com/css/css-animate.css]
[mosfields.com/css/css-nice-select.css]
[mosfields.com/css/css-magnific-popup.css]
[mosfields.com/css/css-style.css]
[mosfields.com/index-2.html]
[mosfields.com/orn-section.svg]
[mosfields.com/public/images/sharedfiles/icons/icon_warning.html]
[mosfields.com/img/others/btn-bg.html]
[mosfields.com/img/icon/navigation-bg1.html]
[mosfields.com/img/icon/navigation-bg2.html]
[mosfields.com/img/others/btn-signup.html]
[mosfields.com/img/others/menu_shape.html]
[mosfields.com/img/icon/facebook-bg.html]
[mosfields.com/img/icon/dribble.html]
[mosfields.com/img/icon/youtobe-bg.html]
[mosfields.com/img/icon/twittre.html]
[mosfields.com/img/others/text-mini-shape.html]
[mosfields.com/img/others/tam-text-shape2.html]
[mosfields.com/img/others/tam-text-shape.html]
[mosfields.com/img/icon/navigation-bg3.html]
[mosfields.com/img/icon/navigation-bg4.html]
